// Jest Snapshot v1, https://goo.gl/fbAQLP

exports[`WIDTHS+SWITCH define sheet NATIVE 1`] = `
Object {
  "root": Array [
    Array [
      "margin: 0 /*sheet.root/$widths.0-640*/",
    ],
    Array [
      "backgroundColor: gray /*sheet.root/$widths.0-640/$switch.isClosed*/",
    ],
    Array [
      "margin: 10 /*sheet.root/$widths.640-1024*/",
    ],
    Array [
      "margin: 20 /*sheet.root/$widths.1024-*/",
    ],
  ],
}
`;

exports[`WIDTHS+SWITCH define sheet WEB 1`] = `
Object {
  "root": Array [
    Array [
      "@media (max-width: 639px).b { margin:0 /*sheet.root/$widths.0-640*/ }",
    ],
    Array [
      "@media (max-width: 639px).a { background-color:gray /*sheet.root/$widths.0-640/$switch.isClosed*/ }",
    ],
    Array [
      "@media (min-width: 640px) and (max-width: 1023px).c { margin:10px /*sheet.root/$widths.640-1024*/ }",
    ],
    Array [
      "@media (min-width: 1024px).d { margin:20px /*sheet.root/$widths.1024-*/ }",
    ],
  ],
}
`;
