// Jest Snapshot v1, https://goo.gl/fbAQLP

exports[`WITH STYLES THEME NATIVE 1`] = `
<div>
  <div
    data="REACTANY"
  >
    <div
      data="REACTANY"
      trace="
borderBottomColor: lightblue /*styleX*/
borderTopColor: lightblue /*TestComponent.option.styleX*/
backgroundColor: lightblue /*classNameX*/
borderRightColor: lightblue /*TestComponent.option.classNameX*/
color: lightblue /*classes.label*/"
    >
      Default Theme
    </div>
    <div
      data="REACTANY"
      trace="
borderBottomColor: lightcyan /*styleX*/
borderTopColor: lightcyan /*TestComponent.option.styleX*/
backgroundColor: lightcyan /*classNameX*/
borderRightColor: lightcyan /*TestComponent.option.classNameX*/
color: lightcyan /*classes.label*/"
    >
      Custom Theme
    </div>
  </div>
</div>
`;

exports[`WITH STYLES THEME WEB 1`] = `
<div>
  <div
    data="REACTANY"
  >
    <div
      class="b d e"
      data="REACTANY"
      trace="
.b { background-color:lightblue /*classNameX*/ }
.d { border-right-color:lightblue /*TestComponent.option.classNameX*/ }
.e { color:lightblue /*classes.label*/ }"
    >
      Default Theme
    </div>
    <div
      class="f h i"
      data="REACTANY"
      trace="
.f { background-color:lightcyan /*classNameX*/ }
.h { border-right-color:lightcyan /*TestComponent.option.classNameX*/ }
.i { color:lightcyan /*classes.label*/ }"
    >
      Custom Theme
    </div>
  </div>
</div>
`;
