// Jest Snapshot v1, https://goo.gl/fbAQLP

exports[`fela 1`] = `
Array [
  ".a { color:red /*root*/ }",
  ".b { margin:10px /*root*/ }",
  ".c:hover { margin:5px /*root*/ }",
  "@media (min-width: 768px).d:hover { height:100px /*root*/ }",
  "@media (min-width: 768px).e:hover:active { width:700px /*root*/ }",
  "@media (min-width: 768px).f:hover:active { color:red /*root*/ }",
]
`;
