// Jest Snapshot v1, https://goo.gl/fbAQLP

exports[`WITH STYLES WEB 1`] = `
<comp (0)>
  <InnerStateComponent
    pipeState={Object {}}
    pipelineState={
      Object {
        "CodeComponent": [Function],
        "componentId": 0,
        "displayName": "comp (0)",
        "innerStateComponent": InnerStateComponent {
          "_reactInternalFiber": FiberNode {
            "_debugID": 6,
            "_debugIsCurrentlyTiming": false,
            "_debugOwner": FiberNode {
              "_debugID": 5,
              "_debugIsCurrentlyTiming": false,
              "_debugOwner": FiberNode {
                "_debugID": 4,
                "_debugIsCurrentlyTiming": false,
                "_debugOwner": null,
                "_debugSource": null,
                "actualDuration": 0,
                "actualStartTime": 0,
                "alternate": null,
                "child": [Circular],
                "effectTag": 1,
                "expirationTime": 0,
                "firstEffect": [Circular],
                "index": 0,
                "key": null,
                "lastEffect": [Circular],
                "memoizedProps": Object {
                  "Component": [Function],
                  "context": null,
                  "props": Object {
                    "children": "Hallo world",
                  },
                },
                "memoizedState": Object {
                  "context": null,
                  "mount": true,
                  "props": Object {
                    "children": "Hallo world",
                  },
                },
                "mode": 0,
                "nextEffect": null,
                "pendingProps": Object {
                  "Component": [Function],
                  "context": null,
                  "props": Object {
                    "children": "Hallo world",
                  },
                },
                "ref": null,
                "return": FiberNode {
                  "_debugID": 1,
                  "_debugIsCurrentlyTiming": false,
                  "_debugOwner": null,
                  "_debugSource": null,
                  "actualDuration": 0,
                  "actualStartTime": 0,
                  "alternate": FiberNode {
                    "_debugID": 1,
                    "_debugIsCurrentlyTiming": false,
                    "_debugOwner": null,
                    "_debugSource": null,
                    "actualDuration": 0,
                    "actualStartTime": 0,
                    "alternate": [Circular],
                    "child": null,
                    "effectTag": 0,
                    "expirationTime": 1,
                    "firstEffect": null,
                    "index": 0,
                    "key": null,
                    "lastEffect": null,
                    "memoizedProps": null,
                    "memoizedState": null,
                    "mode": 0,
                    "nextEffect": null,
                    "pendingProps": null,
                    "ref": null,
                    "return": null,
                    "selfBaseTime": 0,
                    "sibling": null,
                    "stateNode": Object {
                      "containerInfo": <div />,
                      "context": Object {},
                      "current": [Circular],
                      "earliestPendingTime": 0,
                      "earliestSuspendedTime": 0,
                      "finishedWork": null,
                      "firstBatch": null,
                      "hydrate": false,
                      "latestPendingTime": 0,
                      "latestPingedTime": 0,
                      "latestSuspendedTime": 0,
                      "nextScheduledRoot": null,
                      "pendingChildren": null,
                      "pendingCommitExpirationTime": 0,
                      "pendingContext": null,
                      "remainingExpirationTime": 0,
                    },
                    "tag": 3,
                    "treeBaseTime": 0,
                    "type": null,
                    "updateQueue": Object {
                      "baseState": null,
                      "expirationTime": 1,
                      "firstCapturedEffect": null,
                      "firstCapturedUpdate": null,
                      "firstEffect": null,
                      "firstUpdate": Object {
                        "callback": null,
                        "expirationTime": 1,
                        "next": null,
                        "nextEffect": null,
                        "payload": Object {
                          "element": <WrapperComponent
                            Component={[Function]}
                            context={null}
                            props={
                              Object {
                                "children": "Hallo world",
                              }
                            }
                          />,
                        },
                        "tag": 0,
                      },
                      "lastCapturedEffect": null,
                      "lastCapturedUpdate": null,
                      "lastEffect": null,
                      "lastUpdate": Object {
                        "callback": null,
                        "expirationTime": 1,
                        "next": null,
                        "nextEffect": null,
                        "payload": Object {
                          "element": <WrapperComponent
                            Component={[Function]}
                            context={null}
                            props={
                              Object {
                                "children": "Hallo world",
                              }
                            }
                          />,
                        },
                        "tag": 0,
                      },
                    },
                  },
                  "child": [Circular],
                  "effectTag": 32,
                  "expirationTime": 0,
                  "firstEffect": [Circular],
                  "index": 0,
                  "key": null,
                  "lastEffect": [Circular],
                  "memoizedProps": null,
                  "memoizedState": Object {
                    "element": <WrapperComponent
                      Component={[Function]}
                      context={null}
                      props={
                        Object {
                          "children": "Hallo world",
                        }
                      }
                    />,
                  },
                  "mode": 0,
                  "nextEffect": null,
                  "pendingProps": null,
                  "ref": null,
                  "return": null,
                  "selfBaseTime": 0,
                  "sibling": null,
                  "stateNode": Object {
                    "containerInfo": <div />,
                    "context": Object {},
                    "current": [Circular],
                    "earliestPendingTime": 0,
                    "earliestSuspendedTime": 0,
                    "finishedWork": null,
                    "firstBatch": null,
                    "hydrate": false,
                    "latestPendingTime": 0,
                    "latestPingedTime": 0,
                    "latestSuspendedTime": 0,
                    "nextScheduledRoot": null,
                    "pendingChildren": null,
                    "pendingCommitExpirationTime": 0,
                    "pendingContext": null,
                    "remainingExpirationTime": 0,
                  },
                  "tag": 3,
                  "treeBaseTime": 0,
                  "type": null,
                  "updateQueue": Object {
                    "baseState": Object {
                      "element": <WrapperComponent
                        Component={[Function]}
                        context={null}
                        props={
                          Object {
                            "children": "Hallo world",
                          }
                        }
                      />,
                    },
                    "expirationTime": 0,
                    "firstCapturedEffect": null,
                    "firstCapturedUpdate": null,
                    "firstEffect": null,
                    "firstUpdate": null,
                    "lastCapturedEffect": null,
                    "lastCapturedUpdate": null,
                    "lastEffect": null,
                    "lastUpdate": null,
                  },
                },
                "selfBaseTime": 0,
                "sibling": null,
                "stateNode": WrapperComponent {
                  "_reactInternalFiber": [Circular],
                  "_reactInternalInstance": Object {},
                  "context": Object {},
                  "props": Object {
                    "Component": [Function],
                    "context": null,
                    "props": Object {
                      "children": "Hallo world",
                    },
                  },
                  "refs": Object {},
                  "state": Object {
                    "context": null,
                    "mount": true,
                    "props": Object {
                      "children": "Hallo world",
                    },
                  },
                  "updater": Object {
                    "enqueueForceUpdate": [Function],
                    "enqueueReplaceState": [Function],
                    "enqueueSetState": [Function],
                    "isMounted": [Function],
                  },
                },
                "tag": 2,
                "treeBaseTime": 0,
                "type": [Function],
                "updateQueue": null,
              },
              "_debugSource": null,
              "actualDuration": 0,
              "actualStartTime": 0,
              "alternate": null,
              "child": [Circular],
              "effectTag": 1,
              "expirationTime": 0,
              "firstEffect": [Circular],
              "index": 0,
              "key": null,
              "lastEffect": [Circular],
              "memoizedProps": Object {
                "children": "Hallo world",
              },
              "memoizedState": null,
              "mode": 0,
              "nextEffect": null,
              "pendingProps": Object {
                "children": "Hallo world",
              },
              "ref": null,
              "return": FiberNode {
                "_debugID": 4,
                "_debugIsCurrentlyTiming": false,
                "_debugOwner": null,
                "_debugSource": null,
                "actualDuration": 0,
                "actualStartTime": 0,
                "alternate": null,
                "child": [Circular],
                "effectTag": 1,
                "expirationTime": 0,
                "firstEffect": [Circular],
                "index": 0,
                "key": null,
                "lastEffect": [Circular],
                "memoizedProps": Object {
                  "Component": [Function],
                  "context": null,
                  "props": Object {
                    "children": "Hallo world",
                  },
                },
                "memoizedState": Object {
                  "context": null,
                  "mount": true,
                  "props": Object {
                    "children": "Hallo world",
                  },
                },
                "mode": 0,
                "nextEffect": null,
                "pendingProps": Object {
                  "Component": [Function],
                  "context": null,
                  "props": Object {
                    "children": "Hallo world",
                  },
                },
                "ref": null,
                "return": FiberNode {
                  "_debugID": 1,
                  "_debugIsCurrentlyTiming": false,
                  "_debugOwner": null,
                  "_debugSource": null,
                  "actualDuration": 0,
                  "actualStartTime": 0,
                  "alternate": FiberNode {
                    "_debugID": 1,
                    "_debugIsCurrentlyTiming": false,
                    "_debugOwner": null,
                    "_debugSource": null,
                    "actualDuration": 0,
                    "actualStartTime": 0,
                    "alternate": [Circular],
                    "child": null,
                    "effectTag": 0,
                    "expirationTime": 1,
                    "firstEffect": null,
                    "index": 0,
                    "key": null,
                    "lastEffect": null,
                    "memoizedProps": null,
                    "memoizedState": null,
                    "mode": 0,
                    "nextEffect": null,
                    "pendingProps": null,
                    "ref": null,
                    "return": null,
                    "selfBaseTime": 0,
                    "sibling": null,
                    "stateNode": Object {
                      "containerInfo": <div />,
                      "context": Object {},
                      "current": [Circular],
                      "earliestPendingTime": 0,
                      "earliestSuspendedTime": 0,
                      "finishedWork": null,
                      "firstBatch": null,
                      "hydrate": false,
                      "latestPendingTime": 0,
                      "latestPingedTime": 0,
                      "latestSuspendedTime": 0,
                      "nextScheduledRoot": null,
                      "pendingChildren": null,
                      "pendingCommitExpirationTime": 0,
                      "pendingContext": null,
                      "remainingExpirationTime": 0,
                    },
                    "tag": 3,
                    "treeBaseTime": 0,
                    "type": null,
                    "updateQueue": Object {
                      "baseState": null,
                      "expirationTime": 1,
                      "firstCapturedEffect": null,
                      "firstCapturedUpdate": null,
                      "firstEffect": null,
                      "firstUpdate": Object {
                        "callback": null,
                        "expirationTime": 1,
                        "next": null,
                        "nextEffect": null,
                        "payload": Object {
                          "element": <WrapperComponent
                            Component={[Function]}
                            context={null}
                            props={
                              Object {
                                "children": "Hallo world",
                              }
                            }
                          />,
                        },
                        "tag": 0,
                      },
                      "lastCapturedEffect": null,
                      "lastCapturedUpdate": null,
                      "lastEffect": null,
                      "lastUpdate": Object {
                        "callback": null,
                        "expirationTime": 1,
                        "next": null,
                        "nextEffect": null,
                        "payload": Object {
                          "element": <WrapperComponent
                            Component={[Function]}
                            context={null}
                            props={
                              Object {
                                "children": "Hallo world",
                              }
                            }
                          />,
                        },
                        "tag": 0,
                      },
                    },
                  },
                  "child": [Circular],
                  "effectTag": 32,
                  "expirationTime": 0,
                  "firstEffect": [Circular],
                  "index": 0,
                  "key": null,
                  "lastEffect": [Circular],
                  "memoizedProps": null,
                  "memoizedState": Object {
                    "element": <WrapperComponent
                      Component={[Function]}
                      context={null}
                      props={
                        Object {
                          "children": "Hallo world",
                        }
                      }
                    />,
                  },
                  "mode": 0,
                  "nextEffect": null,
                  "pendingProps": null,
                  "ref": null,
                  "return": null,
                  "selfBaseTime": 0,
                  "sibling": null,
                  "stateNode": Object {
                    "containerInfo": <div />,
                    "context": Object {},
                    "current": [Circular],
                    "earliestPendingTime": 0,
                    "earliestSuspendedTime": 0,
                    "finishedWork": null,
                    "firstBatch": null,
                    "hydrate": false,
                    "latestPendingTime": 0,
                    "latestPingedTime": 0,
                    "latestSuspendedTime": 0,
                    "nextScheduledRoot": null,
                    "pendingChildren": null,
                    "pendingCommitExpirationTime": 0,
                    "pendingContext": null,
                    "remainingExpirationTime": 0,
                  },
                  "tag": 3,
                  "treeBaseTime": 0,
                  "type": null,
                  "updateQueue": Object {
                    "baseState": Object {
                      "element": <WrapperComponent
                        Component={[Function]}
                        context={null}
                        props={
                          Object {
                            "children": "Hallo world",
                          }
                        }
                      />,
                    },
                    "expirationTime": 0,
                    "firstCapturedEffect": null,
                    "firstCapturedUpdate": null,
                    "firstEffect": null,
                    "firstUpdate": null,
                    "lastCapturedEffect": null,
                    "lastCapturedUpdate": null,
                    "lastEffect": null,
                    "lastUpdate": null,
                  },
                },
                "selfBaseTime": 0,
                "sibling": null,
                "stateNode": WrapperComponent {
                  "_reactInternalFiber": [Circular],
                  "_reactInternalInstance": Object {},
                  "context": Object {},
                  "props": Object {
                    "Component": [Function],
                    "context": null,
                    "props": Object {
                      "children": "Hallo world",
                    },
                  },
                  "refs": Object {},
                  "state": Object {
                    "context": null,
                    "mount": true,
                    "props": Object {
                      "children": "Hallo world",
                    },
                  },
                  "updater": Object {
                    "enqueueForceUpdate": [Function],
                    "enqueueReplaceState": [Function],
                    "enqueueSetState": [Function],
                    "isMounted": [Function],
                  },
                },
                "tag": 2,
                "treeBaseTime": 0,
                "type": [Function],
                "updateQueue": null,
              },
              "selfBaseTime": 0,
              "sibling": null,
              "stateNode": Styled {
                "_reactInternalFiber": [Circular],
                "_reactInternalInstance": Object {},
                "context": Object {},
                "initPipelineState": [Function],
                "pipeline": [Function],
                "pipelineState": [Circular],
                "props": Object {
                  "children": "Hallo world",
                },
                "refs": Object {},
                "state": null,
                "updater": Object {
                  "enqueueForceUpdate": [Function],
                  "enqueueReplaceState": [Function],
                  "enqueueSetState": [Function],
                  "isMounted": [Function],
                },
              },
              "tag": 2,
              "treeBaseTime": 0,
              "type": [Function],
              "updateQueue": null,
            },
            "_debugSource": null,
            "actualDuration": 0,
            "actualStartTime": 0,
            "alternate": null,
            "child": null,
            "effectTag": 129,
            "expirationTime": 0,
            "firstEffect": null,
            "index": 0,
            "key": null,
            "lastEffect": null,
            "memoizedProps": Object {
              "children": [Function],
              "pipeState": Object {},
              "pipelineState": [Circular],
            },
            "memoizedState": null,
            "mode": 0,
            "nextEffect": null,
            "pendingProps": Object {
              "children": [Function],
              "pipeState": Object {},
              "pipelineState": [Circular],
            },
            "ref": [Function],
            "return": FiberNode {
              "_debugID": 5,
              "_debugIsCurrentlyTiming": false,
              "_debugOwner": FiberNode {
                "_debugID": 4,
                "_debugIsCurrentlyTiming": false,
                "_debugOwner": null,
                "_debugSource": null,
                "actualDuration": 0,
                "actualStartTime": 0,
                "alternate": null,
                "child": [Circular],
                "effectTag": 1,
                "expirationTime": 0,
                "firstEffect": [Circular],
                "index": 0,
                "key": null,
                "lastEffect": [Circular],
                "memoizedProps": Object {
                  "Component": [Function],
                  "context": null,
                  "props": Object {
                    "children": "Hallo world",
                  },
                },
                "memoizedState": Object {
                  "context": null,
                  "mount": true,
                  "props": Object {
                    "children": "Hallo world",
                  },
                },
                "mode": 0,
                "nextEffect": null,
                "pendingProps": Object {
                  "Component": [Function],
                  "context": null,
                  "props": Object {
                    "children": "Hallo world",
                  },
                },
                "ref": null,
                "return": FiberNode {
                  "_debugID": 1,
                  "_debugIsCurrentlyTiming": false,
                  "_debugOwner": null,
                  "_debugSource": null,
                  "actualDuration": 0,
                  "actualStartTime": 0,
                  "alternate": FiberNode {
                    "_debugID": 1,
                    "_debugIsCurrentlyTiming": false,
                    "_debugOwner": null,
                    "_debugSource": null,
                    "actualDuration": 0,
                    "actualStartTime": 0,
                    "alternate": [Circular],
                    "child": null,
                    "effectTag": 0,
                    "expirationTime": 1,
                    "firstEffect": null,
                    "index": 0,
                    "key": null,
                    "lastEffect": null,
                    "memoizedProps": null,
                    "memoizedState": null,
                    "mode": 0,
                    "nextEffect": null,
                    "pendingProps": null,
                    "ref": null,
                    "return": null,
                    "selfBaseTime": 0,
                    "sibling": null,
                    "stateNode": Object {
                      "containerInfo": <div />,
                      "context": Object {},
                      "current": [Circular],
                      "earliestPendingTime": 0,
                      "earliestSuspendedTime": 0,
                      "finishedWork": null,
                      "firstBatch": null,
                      "hydrate": false,
                      "latestPendingTime": 0,
                      "latestPingedTime": 0,
                      "latestSuspendedTime": 0,
                      "nextScheduledRoot": null,
                      "pendingChildren": null,
                      "pendingCommitExpirationTime": 0,
                      "pendingContext": null,
                      "remainingExpirationTime": 0,
                    },
                    "tag": 3,
                    "treeBaseTime": 0,
                    "type": null,
                    "updateQueue": Object {
                      "baseState": null,
                      "expirationTime": 1,
                      "firstCapturedEffect": null,
                      "firstCapturedUpdate": null,
                      "firstEffect": null,
                      "firstUpdate": Object {
                        "callback": null,
                        "expirationTime": 1,
                        "next": null,
                        "nextEffect": null,
                        "payload": Object {
                          "element": <WrapperComponent
                            Component={[Function]}
                            context={null}
                            props={
                              Object {
                                "children": "Hallo world",
                              }
                            }
                          />,
                        },
                        "tag": 0,
                      },
                      "lastCapturedEffect": null,
                      "lastCapturedUpdate": null,
                      "lastEffect": null,
                      "lastUpdate": Object {
                        "callback": null,
                        "expirationTime": 1,
                        "next": null,
                        "nextEffect": null,
                        "payload": Object {
                          "element": <WrapperComponent
                            Component={[Function]}
                            context={null}
                            props={
                              Object {
                                "children": "Hallo world",
                              }
                            }
                          />,
                        },
                        "tag": 0,
                      },
                    },
                  },
                  "child": [Circular],
                  "effectTag": 32,
                  "expirationTime": 0,
                  "firstEffect": [Circular],
                  "index": 0,
                  "key": null,
                  "lastEffect": [Circular],
                  "memoizedProps": null,
                  "memoizedState": Object {
                    "element": <WrapperComponent
                      Component={[Function]}
                      context={null}
                      props={
                        Object {
                          "children": "Hallo world",
                        }
                      }
                    />,
                  },
                  "mode": 0,
                  "nextEffect": null,
                  "pendingProps": null,
                  "ref": null,
                  "return": null,
                  "selfBaseTime": 0,
                  "sibling": null,
                  "stateNode": Object {
                    "containerInfo": <div />,
                    "context": Object {},
                    "current": [Circular],
                    "earliestPendingTime": 0,
                    "earliestSuspendedTime": 0,
                    "finishedWork": null,
                    "firstBatch": null,
                    "hydrate": false,
                    "latestPendingTime": 0,
                    "latestPingedTime": 0,
                    "latestSuspendedTime": 0,
                    "nextScheduledRoot": null,
                    "pendingChildren": null,
                    "pendingCommitExpirationTime": 0,
                    "pendingContext": null,
                    "remainingExpirationTime": 0,
                  },
                  "tag": 3,
                  "treeBaseTime": 0,
                  "type": null,
                  "updateQueue": Object {
                    "baseState": Object {
                      "element": <WrapperComponent
                        Component={[Function]}
                        context={null}
                        props={
                          Object {
                            "children": "Hallo world",
                          }
                        }
                      />,
                    },
                    "expirationTime": 0,
                    "firstCapturedEffect": null,
                    "firstCapturedUpdate": null,
                    "firstEffect": null,
                    "firstUpdate": null,
                    "lastCapturedEffect": null,
                    "lastCapturedUpdate": null,
                    "lastEffect": null,
                    "lastUpdate": null,
                  },
                },
                "selfBaseTime": 0,
                "sibling": null,
                "stateNode": WrapperComponent {
                  "_reactInternalFiber": [Circular],
                  "_reactInternalInstance": Object {},
                  "context": Object {},
                  "props": Object {
                    "Component": [Function],
                    "context": null,
                    "props": Object {
                      "children": "Hallo world",
                    },
                  },
                  "refs": Object {},
                  "state": Object {
                    "context": null,
                    "mount": true,
                    "props": Object {
                      "children": "Hallo world",
                    },
                  },
                  "updater": Object {
                    "enqueueForceUpdate": [Function],
                    "enqueueReplaceState": [Function],
                    "enqueueSetState": [Function],
                    "isMounted": [Function],
                  },
                },
                "tag": 2,
                "treeBaseTime": 0,
                "type": [Function],
                "updateQueue": null,
              },
              "_debugSource": null,
              "actualDuration": 0,
              "actualStartTime": 0,
              "alternate": null,
              "child": [Circular],
              "effectTag": 1,
              "expirationTime": 0,
              "firstEffect": [Circular],
              "index": 0,
              "key": null,
              "lastEffect": [Circular],
              "memoizedProps": Object {
                "children": "Hallo world",
              },
              "memoizedState": null,
              "mode": 0,
              "nextEffect": null,
              "pendingProps": Object {
                "children": "Hallo world",
              },
              "ref": null,
              "return": FiberNode {
                "_debugID": 4,
                "_debugIsCurrentlyTiming": false,
                "_debugOwner": null,
                "_debugSource": null,
                "actualDuration": 0,
                "actualStartTime": 0,
                "alternate": null,
                "child": [Circular],
                "effectTag": 1,
                "expirationTime": 0,
                "firstEffect": [Circular],
                "index": 0,
                "key": null,
                "lastEffect": [Circular],
                "memoizedProps": Object {
                  "Component": [Function],
                  "context": null,
                  "props": Object {
                    "children": "Hallo world",
                  },
                },
                "memoizedState": Object {
                  "context": null,
                  "mount": true,
                  "props": Object {
                    "children": "Hallo world",
                  },
                },
                "mode": 0,
                "nextEffect": null,
                "pendingProps": Object {
                  "Component": [Function],
                  "context": null,
                  "props": Object {
                    "children": "Hallo world",
                  },
                },
                "ref": null,
                "return": FiberNode {
                  "_debugID": 1,
                  "_debugIsCurrentlyTiming": false,
                  "_debugOwner": null,
                  "_debugSource": null,
                  "actualDuration": 0,
                  "actualStartTime": 0,
                  "alternate": FiberNode {
                    "_debugID": 1,
                    "_debugIsCurrentlyTiming": false,
                    "_debugOwner": null,
                    "_debugSource": null,
                    "actualDuration": 0,
                    "actualStartTime": 0,
                    "alternate": [Circular],
                    "child": null,
                    "effectTag": 0,
                    "expirationTime": 1,
                    "firstEffect": null,
                    "index": 0,
                    "key": null,
                    "lastEffect": null,
                    "memoizedProps": null,
                    "memoizedState": null,
                    "mode": 0,
                    "nextEffect": null,
                    "pendingProps": null,
                    "ref": null,
                    "return": null,
                    "selfBaseTime": 0,
                    "sibling": null,
                    "stateNode": Object {
                      "containerInfo": <div />,
                      "context": Object {},
                      "current": [Circular],
                      "earliestPendingTime": 0,
                      "earliestSuspendedTime": 0,
                      "finishedWork": null,
                      "firstBatch": null,
                      "hydrate": false,
                      "latestPendingTime": 0,
                      "latestPingedTime": 0,
                      "latestSuspendedTime": 0,
                      "nextScheduledRoot": null,
                      "pendingChildren": null,
                      "pendingCommitExpirationTime": 0,
                      "pendingContext": null,
                      "remainingExpirationTime": 0,
                    },
                    "tag": 3,
                    "treeBaseTime": 0,
                    "type": null,
                    "updateQueue": Object {
                      "baseState": null,
                      "expirationTime": 1,
                      "firstCapturedEffect": null,
                      "firstCapturedUpdate": null,
                      "firstEffect": null,
                      "firstUpdate": Object {
                        "callback": null,
                        "expirationTime": 1,
                        "next": null,
                        "nextEffect": null,
                        "payload": Object {
                          "element": <WrapperComponent
                            Component={[Function]}
                            context={null}
                            props={
                              Object {
                                "children": "Hallo world",
                              }
                            }
                          />,
                        },
                        "tag": 0,
                      },
                      "lastCapturedEffect": null,
                      "lastCapturedUpdate": null,
                      "lastEffect": null,
                      "lastUpdate": Object {
                        "callback": null,
                        "expirationTime": 1,
                        "next": null,
                        "nextEffect": null,
                        "payload": Object {
                          "element": <WrapperComponent
                            Component={[Function]}
                            context={null}
                            props={
                              Object {
                                "children": "Hallo world",
                              }
                            }
                          />,
                        },
                        "tag": 0,
                      },
                    },
                  },
                  "child": [Circular],
                  "effectTag": 32,
                  "expirationTime": 0,
                  "firstEffect": [Circular],
                  "index": 0,
                  "key": null,
                  "lastEffect": [Circular],
                  "memoizedProps": null,
                  "memoizedState": Object {
                    "element": <WrapperComponent
                      Component={[Function]}
                      context={null}
                      props={
                        Object {
                          "children": "Hallo world",
                        }
                      }
                    />,
                  },
                  "mode": 0,
                  "nextEffect": null,
                  "pendingProps": null,
                  "ref": null,
                  "return": null,
                  "selfBaseTime": 0,
                  "sibling": null,
                  "stateNode": Object {
                    "containerInfo": <div />,
                    "context": Object {},
                    "current": [Circular],
                    "earliestPendingTime": 0,
                    "earliestSuspendedTime": 0,
                    "finishedWork": null,
                    "firstBatch": null,
                    "hydrate": false,
                    "latestPendingTime": 0,
                    "latestPingedTime": 0,
                    "latestSuspendedTime": 0,
                    "nextScheduledRoot": null,
                    "pendingChildren": null,
                    "pendingCommitExpirationTime": 0,
                    "pendingContext": null,
                    "remainingExpirationTime": 0,
                  },
                  "tag": 3,
                  "treeBaseTime": 0,
                  "type": null,
                  "updateQueue": Object {
                    "baseState": Object {
                      "element": <WrapperComponent
                        Component={[Function]}
                        context={null}
                        props={
                          Object {
                            "children": "Hallo world",
                          }
                        }
                      />,
                    },
                    "expirationTime": 0,
                    "firstCapturedEffect": null,
                    "firstCapturedUpdate": null,
                    "firstEffect": null,
                    "firstUpdate": null,
                    "lastCapturedEffect": null,
                    "lastCapturedUpdate": null,
                    "lastEffect": null,
                    "lastUpdate": null,
                  },
                },
                "selfBaseTime": 0,
                "sibling": null,
                "stateNode": WrapperComponent {
                  "_reactInternalFiber": [Circular],
                  "_reactInternalInstance": Object {},
                  "context": Object {},
                  "props": Object {
                    "Component": [Function],
                    "context": null,
                    "props": Object {
                      "children": "Hallo world",
                    },
                  },
                  "refs": Object {},
                  "state": Object {
                    "context": null,
                    "mount": true,
                    "props": Object {
                      "children": "Hallo world",
                    },
                  },
                  "updater": Object {
                    "enqueueForceUpdate": [Function],
                    "enqueueReplaceState": [Function],
                    "enqueueSetState": [Function],
                    "isMounted": [Function],
                  },
                },
                "tag": 2,
                "treeBaseTime": 0,
                "type": [Function],
                "updateQueue": null,
              },
              "selfBaseTime": 0,
              "sibling": null,
              "stateNode": Styled {
                "_reactInternalFiber": [Circular],
                "_reactInternalInstance": Object {},
                "context": Object {},
                "initPipelineState": [Function],
                "pipeline": [Function],
                "pipelineState": [Circular],
                "props": Object {
                  "children": "Hallo world",
                },
                "refs": Object {},
                "state": null,
                "updater": Object {
                  "enqueueForceUpdate": [Function],
                  "enqueueReplaceState": [Function],
                  "enqueueSetState": [Function],
                  "isMounted": [Function],
                },
              },
              "tag": 2,
              "treeBaseTime": 0,
              "type": [Function],
              "updateQueue": null,
            },
            "selfBaseTime": 0,
            "sibling": null,
            "stateNode": [Circular],
            "tag": 2,
            "treeBaseTime": 0,
            "type": [Function],
            "updateQueue": null,
          },
          "_reactInternalInstance": Object {},
          "context": Object {},
          "props": Object {
            "children": [Function],
            "pipeState": Object {},
            "pipelineState": [Circular],
          },
          "refs": Object {},
          "state": null,
          "updater": Object {
            "enqueueForceUpdate": [Function],
            "enqueueReplaceState": [Function],
            "enqueueSetState": [Function],
            "isMounted": [Function],
          },
        },
        "pipeCounter": 1,
        "pipeStates": Array [
          Object {
            "classNameX": null,
            "classes": null,
            "codeProps": Array [
              Object {
                "children": "Hallo world",
              },
              null,
            ],
            "styleX": null,
          },
          undefined,
          Object {},
        ],
        "props": Object {
          "children": "Hallo world",
        },
        "propsCode": Object {
          "children": "Hallo world",
          "classNameX": null,
          "classes": null,
          "mergedInnerState": null,
          "setInnerState": [Function],
          "styleX": null,
          "theme": undefined,
          "toClassNames": [Function],
        },
        "refreshInnerStateComponent": [Function],
        "sheetOrCreator": Object {
          "label": Object {},
          "nativeOnly": Object {},
          "root": Object {
            "backgroundColor": "gray",
          },
          "webOnly": Object {},
        },
        "uniqueId": "comp (0) *1",
        "withTheme": false,
      }
    }
  />
</comp (0)>
`;
