// Jest Snapshot v1, https://goo.gl/fbAQLP

exports[`WITH STYLE PREFERENCE NATIVE 1`] = `
<ReactAny
  style={
    Object {
      "height": 22,
      "maxHeight": 22,
      "maxWidth": 33,
      "paddingLeft": 11,
      "paddingRight": 33,
      "paddingTop": 33,
      "width": 22,
    }
  }
  trace={
    Object {
      "height": "22 /*option.classNameX*/",
      "maxHeight": "22 /*styleX*/",
      "maxWidth": "33 /*classNameX*/",
      "paddingLeft": "11 /*sheet/root*/",
      "paddingRight": "33 /*classes/root*/",
      "paddingTop": "33 /*styleX*/",
      "width": "22 /*option.classes/root*/",
    }
  }
>
  toClassNames([classes.root, classNameX])
</ReactAny>
`;

exports[`WITH STYLE PREFERENCE WEB 1`] = `
<ReactAny
  className="k i j h f e c"
  style={
    Object {
      "maxHeight": 22,
      "paddingTop": 33,
    }
  }
  trace={
    Array [
      ".k { max-width:33px /*classNameX*/ }",
      ".i { height:22px /*option.classNameX*/ }",
      ".j { padding-right:33px /*classes/root*/ }",
      ".h { width:22px /*option.classes/root*/ }",
      ".f { padding-left:11px /*sheet/root*/ }",
      ".e { padding-top:11px /*sheet/root*/ }",
      ".c { max-height:11px /*sheet/root*/ }",
    ]
  }
>
  toClassNames([classes.root, classNameX])
</ReactAny>
`;
