// Jest Snapshot v1, https://goo.gl/fbAQLP

exports[`WITH STYLES THEME NATIVE 1`] = `
<ReactAny>
  <ReactAny
    style={
      Object {
        "background": "lightblue",
        "color": "black",
        "fontWeight": "bold",
      }
    }
    trace={
      Object {
        "background": "lightblue /*sheet/label[0]*/",
        "color": "black /*sheet/label[0]*/",
        "fontWeight": "bold /*sheet/label[1]*/",
      }
    }
  >
    Default Theme
  </ReactAny>
  <ThemeProviderGeneric>
    <ReactAny
      style={
        Object {
          "background": "lightcyan",
          "color": "darkgray",
          "fontWeight": "bold",
        }
      }
      trace={
        Object {
          "background": "lightcyan /*sheet/label[0]*/",
          "color": "darkgray /*sheet/label[0]*/",
          "fontWeight": "bold /*sheet/label[1]*/",
        }
      }
    >
      Custom Theme
    </ReactAny>
  </ThemeProviderGeneric>
</ReactAny>
`;

exports[`WITH STYLES THEME WEB 1`] = `
<ReactAny>
  <ReactAny
    className="c b a"
    trace={
      Array [
        ".c { font-weight:bold /*sheet/label[1]*/ }",
        ".b { background:lightblue /*sheet/label[0]*/ }",
        ".a { color:black /*sheet/label[0]*/ }",
      ]
    }
  >
    Default Theme
  </ReactAny>
  <ThemeProviderGeneric>
    <ReactAny
      className="c e d"
      trace={
        Array [
          ".c { font-weight:bold /*sheet/label[1]*/ }",
          ".e { background:lightcyan /*sheet/label[0]*/ }",
          ".d { color:darkgray /*sheet/label[0]*/ }",
        ]
      }
    >
      Custom Theme
    </ReactAny>
  </ThemeProviderGeneric>
</ReactAny>
`;
